00:00 +0: loading C:/dev/ahdash11/mobile/test/features/auth/guest_capability_policy_test.dart
00:00 +0: C:/dev/ahdash11/mobile/test/features/auth/guest_capability_policy_test.dart: guests and missing identities have the same minimal local capabilities
00:00 +1: C:/dev/ahdash11/mobile/test/features/auth/guest_capability_policy_test.dart: all supported local Party stages and Solo remain accessible
00:00 +2: C:/dev/ahdash11/mobile/test/features/auth/guest_capability_policy_test.dart: identity-bound destinations and future unknown routes are closed by default
00:00 +3: C:/dev/ahdash11/mobile/test/features/auth/guest_capability_policy_test.dart: resume rejects external destinations, loops and traversal
00:00 +4: C:/dev/ahdash11/mobile/test/features/auth/guest_capability_policy_test.dart: safe intent survives encoding and account-mode selection
00:00 +5: C:/dev/ahdash11/mobile/test/features/auth/guest_routing_test.dart: real router gates every private guest deep link before mounting private data
00:01 +6: C:/dev/ahdash11/mobile/test/features/auth/guest_routing_test.dart: real router gates every private guest deep link before mounting private data
00:01 +7: C:/dev/ahdash11/mobile/test/features/auth/guest_routing_test.dart: real router gates every private guest deep link before mounting private data
00:01 +8: C:/dev/ahdash11/mobile/test/features/auth/guest_routing_test.dart: real router gates every private guest deep link before mounting private data
00:01 +9: C:/dev/ahdash11/mobile/test/features/auth/guest_routing_test.dart: real router gates every private guest deep link before mounting private data
00:01 +10: C:/dev/ahdash11/mobile/test/features/auth/guest_routing_test.dart: real router gates every private guest deep link before mounting private data
00:01 +11: C:/dev/ahdash11/mobile/test/features/auth/guest_routing_test.dart: real router gates every private guest deep link before mounting private data
00:01 +12: C:/dev/ahdash11/mobile/test/features/auth/guest_routing_test.dart: real router gates every private guest deep link before mounting private data
00:01 +13: C:/dev/ahdash11/mobile/test/features/auth/guest_routing_test.dart: real router gates every private guest deep link before mounting private data
00:01 +14: C:/dev/ahdash11/mobile/test/features/auth/guest_routing_test.dart: real router gates every private guest deep link before mounting private data
00:01 +15: C:/dev/ahdash11/mobile/test/features/auth/guest_routing_test.dart: real router gates every private guest deep link before mounting private data
00:02 +16: C:/dev/ahdash11/mobile/test/features/auth/guest_routing_test.dart: guest signs in through gate and resumes intended destination without losing Party
00:03 +17: C:/dev/ahdash11/mobile/test/features/auth/guest_routing_test.dart: guest signs in through gate and resumes intended destination without losing Party
00:03 +18: C:/dev/ahdash11/mobile/test/features/auth/guest_routing_test.dart: guest signs in through gate and resumes intended destination without losing Party
00:03 +19: C:/dev/ahdash11/mobile/test/features/auth/guest_routing_test.dart: guest signs in through gate and resumes intended destination without losing Party
00:03 +20: C:/dev/ahdash11/mobile/test/features/auth/guest_routing_test.dart: create account gate preserves intent and opens account creation mode
00:04 +21: C:/dev/ahdash11/mobile/test/features/auth/guest_routing_test.dart: guest can use local settings and rules without upgrading
00:04 +22: C:/dev/ahdash11/mobile/test/features/home/home_refinement_test.dart: review Home account 360 scale 1.0
00:06 +23: C:/dev/ahdash11/mobile/test/features/home/home_screen_test.dart: Home renders real actions without Coin or Wallet affordances
00:06 +24: C:/dev/ahdash11/mobile/test/features/home/home_screen_test.dart: Home renders real actions without Coin or Wallet affordances
00:06 +25: C:/dev/ahdash11/mobile/test/features/home/home_screen_test.dart: Home renders real actions without Coin or Wallet affordances
00:06 +26: C:/dev/ahdash11/mobile/test/features/home/home_screen_test.dart: Home renders real actions without Coin or Wallet affordances
00:06 +27: C:/dev/ahdash11/mobile/test/features/home/home_screen_test.dart: Home renders real actions without Coin or Wallet affordances
00:07 +28: C:/dev/ahdash11/mobile/test/features/home/home_screen_test.dart: Home renders real actions without Coin or Wallet affordances
00:07 +29: C:/dev/ahdash11/mobile/test/features/home/home_screen_test.dart: Home renders real actions without Coin or Wallet affordances
00:07 +30: C:/dev/ahdash11/mobile/test/features/home/home_screen_test.dart: Home renders real actions without Coin or Wallet affordances
00:07 +31: C:/dev/ahdash11/mobile/test/features/home/home_refinement_test.dart: review Home account 390 scale 1.2
00:07 +32: C:/dev/ahdash11/mobile/test/features/home/home_screen_test.dart: Home shows resume only for a real resumable Party session
00:07 +33: C:/dev/ahdash11/mobile/test/features/home/home_refinement_test.dart: review Home guest 390 scale 1.2
00:07 +34: C:/dev/ahdash11/mobile/test/features/home/home_screen_test.dart: Home primary action enters the canonical category route
00:08 +35: C:/dev/ahdash11/mobile/test/features/home/home_screen_test.dart: Home primary action enters the canonical category route
00:08 +36: C:/dev/ahdash11/mobile/test/features/home/home_screen_test.dart: Home primary action enters the canonical category route
00:08 +37: C:/dev/ahdash11/mobile/test/features/home/home_refinement_test.dart: review Home account 393 scale 1.0
00:08 +38: C:/dev/ahdash11/mobile/test/features/home/home_screen_test.dart: Home compact RTL composition has no overflow
00:08 +39: C:/dev/ahdash11/mobile/test/features/home/home_refinement_test.dart: review Home guest 393 scale 1.0
00:08 +40: C:/dev/ahdash11/mobile/test/features/home/home_refinement_test.dart: review Home account 393 scale 1.2
00:08 +41: C:/dev/ahdash11/mobile/test/features/home/home_refinement_test.dart: review Home guest 393 scale 1.2
00:08 +42: C:/dev/ahdash11/mobile/test/features/home/home_refinement_test.dart: review Home account 393 scale 1.3
00:08 +43: C:/dev/ahdash11/mobile/test/features/home/home_refinement_test.dart: review Home guest 393 scale 1.3
00:08 +44: C:/dev/ahdash11/mobile/test/features/home/home_refinement_test.dart: review Home account 412 scale 1.0
00:09 +45: C:/dev/ahdash11/mobile/test/features/home/home_refinement_test.dart: review Home guest 412 scale 1.0
00:09 +46: C:/dev/ahdash11/mobile/test/features/home/home_refinement_test.dart: review Home account 412 scale 1.2
00:09 +47: C:/dev/ahdash11/mobile/test/features/home/home_refinement_test.dart: review Home guest 412 scale 1.2
00:09 +48: C:/dev/ahdash11/mobile/test/features/home/home_refinement_test.dart: review Home account 412 scale 1.3
00:09 +49: C:/dev/ahdash11/mobile/test/features/home/home_refinement_test.dart: review Home guest 412 scale 1.3
00:09 +50: C:/dev/ahdash11/mobile/test/features/home/home_refinement_test.dart: review Home account 430 scale 1.0
00:09 +51: C:/dev/ahdash11/mobile/test/features/home/home_refinement_test.dart: review Home guest 430 scale 1.0
00:09 +52: C:/dev/ahdash11/mobile/test/features/home/home_refinement_test.dart: review Home account 430 scale 1.2
00:10 +53: C:/dev/ahdash11/mobile/test/features/home/home_refinement_test.dart: review Home guest 430 scale 1.2
00:10 +54: C:/dev/ahdash11/mobile/test/features/home/home_refinement_test.dart: review Home account 430 scale 1.3
00:10 +55: C:/dev/ahdash11/mobile/test/features/home/home_refinement_test.dart: review Home guest 430 scale 1.3
00:10 +56: C:/dev/ahdash11/mobile/test/features/home/home_refinement_test.dart: review guest Auth Gate scale 1.0
00:10 +57: C:/dev/ahdash11/mobile/test/features/home/home_refinement_test.dart: review guest Auth Gate scale 1.3
00:10 +58: C:/dev/ahdash11/mobile/test/features/home/home_refinement_test.dart: (tearDownAll)
00:10 +58: All tests passed!
